285.000000
330.000000
375.000000
420.000000
465.000000
510.000000
555.000000
600.000000
645.000000
690.000000
