Error in statement: ['while', [True], ['call', 'print', 4]]
CodegenError: Bad expression: [True]
