Error in statement: ['declare', 'a']
CodegenError: Bad declare statement: ['declare', 'a']
