CodegenError: Bad function prototype: ['main', 'int']
