Error in statement: ['load', 'argv', 'a']
CodegenError: Bad load expression: ['load', 'argv', 'a']
