CodegenError: Not a function: ['declare', 'a', 'int']
