Error in statement: ['call', 'print', ['ptradd', 'arr', 4, 3]]
CodegenError: Bad ptradd expression: ['ptradd', 'arr', 4, 3]
