Error in statement: ['declare', 'var', 'bool']
CodegenError: Re-declaration of variable var
