Error in statement: ['call', 'print', 'val']
CodegenError: Undeclared symbol: val
