Error in statement: ['set', 'var', 5]
CodegenError: Undeclared symbol: var
