Error in statement: ['call', 'print', 4]
CodegenError: Call to undeclared function: print
